<nc:rpc-reply xmlns:nc="urn:ietf:params:xml:ns:netconf:base:1.0" xmlns:junos="http://xml.juniper.net/junos/23.2R2.21-EVO/junos"  message-id="101">
<nc:rpc-error>
<nc:error-type>protocol</nc:error-type>
<nc:error-tag>operation-failed</nc:error-tag>
<nc:error-severity>error</nc:error-severity>
<nc:error-message>syntax error</nc:error-message>
<nc:error-info>
<nc:bad-element>components</nc:bad-element>
</nc:error-info>
</nc:rpc-error>
<nc:rpc-error>
<nc:error-type>protocol</nc:error-type>
<nc:error-tag>operation-failed</nc:error-tag>
<nc:error-severity>error</nc:error-severity>
<nc:error-message>syntax error, expecting &lt;/filter&gt;</nc:error-message>
<nc:error-info>
<nc:bad-element>components</nc:bad-element>
</nc:error-info>
</nc:rpc-error>
</nc:rpc-reply>